[arise.framer.media/index.html]
[backblue.gif]
[fade.gif]
[index.html]
[framerusercontent.com/images/0KQhbqVycoinCiK4e5WBgzh4.jpg]
[arise.framer.media/works.html]
[arise.framer.media/blogs.html]
[arise.framer.media/timeline.html]
[arise.framer.media/waitlist.html]
[arise.framer.media/contact.html]
[framerusercontent.com/images/ZfR5jHCCmGgwsaWPKkYHGDOhMQI.png]
[framerusercontent.com/images/L0ic273Yz3zStlcw4HtbVPOKwdA.png]
[framerusercontent.com/images/7xu0IDDZ1nTVqHsgCxHGC96y2u8.png]
[framerusercontent.com/images/uGpg3tPNL1E0kelWRxVrC056xQ.png]
[framerusercontent.com/images/fv5yPBmjikTk2Jc47v6BFoFyxg.png]
[framerusercontent.com/images/M3X2ktGKGEjzjKkOfnZGSbkZN4c.png]
[framerusercontent.com/images/gF9H8D7b4FTYz9lRLp75RsXJPo.png]
[arise.framer.media/works/clever-agency-website.html]
[framerusercontent.com/images/R3a6qleEu0SSBPYhilnNMnz4n5k.jpg]
[arise.framer.media/works/genius-saas-landing-page.html]
[framerusercontent.com/images/FeUox1vTy9XE506zYzzjGi3oc.jpg]
[arise.framer.media/works/sap-saas-website-template.html]
[framerusercontent.com/images/WtqxqF0rU8Wuwz43erARYa8rL8.png]
[arise.framer.media/works/waitlisty-waitlist-landing-page.html]
[framerusercontent.com/images/MIzYyZDtkQR2vF30r6pG3uFj8GM.png]
[framerusercontent.com/images/6hp4XCjXHDtpkGmVBUA1lWMW4U.png]
[framerusercontent.com/images/aoWeUd6Z5b0pFEysKgqvrxwTY.png]
[framerusercontent.com/images/R289l0Udmrse6n7IgsDFzZTX7FY.png]
[arise.framer.media/blogs/user-centric-product-design-a-complete-guide-from-scratch.html]
[framerusercontent.com/images/ZcJAlPgAi41q3RtmnhrDwOeQ46A.png]
[arise.framer.media/blogs/the-power-of-storytelling-and-visual-elements-in-branding.html]
[framerusercontent.com/images/0b4stVqJQu59Yov7TwWzzgEwQ.png]
[arise.framer.media/blogs/innovative-web-design-techniques-for-modern-brands.html]
[framerusercontent.com/images/guqZsDrgnOQxdkgIj64sM7Fjc.png]
[framerusercontent.com/images/i5l6FhMdZLHMcCTq0RYErPNJS4Q.png]
[framerusercontent.com/images/djQdcQ7V7Yb40ldTfdwkyTKbJo.png]
[framerusercontent.com/images/5PRoaDZ6Ya5l4bezYKlU1wqw.png]
[framerusercontent.com/images/sU5BCJqH3O6WVdeIItL7Ad601o.png]
[framerusercontent.com/images/C8iXhZOAtTSW3ZP6tIsYg6xPIlU.png]
[framerusercontent.com/images/XBtz1phaWuFmJnHyQtKgezPJHUU.png]
[arise.framer.media/privacy-policy.html]
[framerusercontent.com/images/vz04nRcNzpu3VodK5xrGBNY1Sms.png]
[framerusercontent.com/images/2KXPF7hBaZ2eKxfAdmJe4Ty8aM.png]
[arise.framer.media/index.html]
[arise.framer.media/[object Object].27.delayed]
[arise.framer.media/works/waitlista-waitlist-landing-page.html]
[framerusercontent.com/images/k3f4MBMigsjVRczeZEvwoQniMc.png]
[arise.framer.media/works/pix-portfolio-landing-page.html]
[framerusercontent.com/images/S2bhNxC7MgcubwiI8Ky2y5ifrw.png]
[arise.framer.media/works.html]
[arise.framer.media/blogs/strategies-for-boosting-online-engagement-today.html]
[framerusercontent.com/images/0ub7x0BqZ8JBo3Q5yhcNrak794.png]
[arise.framer.media/blogs/creating-a-brand-identity-that-stands-out.html]
[framerusercontent.com/images/Zj4E0BfykxqItjEqsQzxdtXMWO0.png]
[arise.framer.media/blogs/top-design-trends-driving-business-success-growth.html]
[framerusercontent.com/images/HtSEKUNM1Xvotl5jrzDx9e4PNHM.png]
[arise.framer.media/blogs.html]
[framerusercontent.com/images/WuoJZIEonQPyAK46HerSRGR0.png]
[framerusercontent.com/images/z3n3T5EopNqIf8k0uc3GqJyYTI.png]
[framerusercontent.com/images/yj9xhuVwj6VErEGgKjemCE7RmY.png]
[arise.framer.media/timeline.html]
[framerusercontent.com/images/ynEKWbmOg3fcmMbCe1Yr3C6JI.png]
[framerusercontent.com/images/OZxzbuLUwmx4OlRvzBwNGEUVc.png]
[framerusercontent.com/images/o365eOCsAHfYbLAm9j9S2hexhgY.png]
[arise.framer.media/waitlist.html]
[arise.framer.media/contact.html]
[framerusercontent.com/images/BMbyOldISnHwyTSwYyx4OLBz8.jpg]
[framerusercontent.com/images/WkAbjqNIeD7lZ2rUZ7n6KF9BbSo.jpg]
[framerusercontent.com/images/PzR3VF3ouFX4nrjkQndYr0.jpg]
[arise.framer.media/works/clever-agency-website.html]
[framerusercontent.com/images/Y9QySfHQbPYDxlpYTzkS53yigM.jpg]
[framerusercontent.com/images/K4RSIDNhn9AgA53SQSF1C1yGthQ.jpg]
[framerusercontent.com/images/muUzyalMneXPaWw7Xirjb8Rz08.jpg]
[arise.framer.media/works/genius-saas-landing-page.html]
[framerusercontent.com/images/SZZRBI0TB3mLgCsaoAmYK3OQ5XE.jpg]
[framerusercontent.com/images/AEQsSeVPixzYhU78dju9zvJ7I.jpg]
[framerusercontent.com/images/8s6dZV4jZImZGKgWWG0mt68yzJA.jpg]
[arise.framer.media/works/sap-saas-website-template.html]
[framerusercontent.com/images/koInMpJoLpkaZRthDGAqRamoKo.jpg]
[framerusercontent.com/images/vMn5beSQPwLHgN2lxftOeTlw.jpg]
[framerusercontent.com/images/805IwMATsADVdVZHTpGoCG4Ofbw.jpg]
[arise.framer.media/works/waitlisty-waitlist-landing-page.html]
[framerusercontent.com/images/DE9GzYhwnEThzJIXhmJyChNK9Sw.png]
[framerusercontent.com/images/D7WN00m1k7VIMs1QqtiImF4YF08.jpg]
[framerusercontent.com/images/r5JpBFTCsQrTU4e3NRheuJDeS6Q.jpg]
[arise.framer.media/blogs/user-centric-product-design-a-complete-guide-from-scratch.html]
[framerusercontent.com/images/Q3dcATakSB7rrtfZ7SWNsyHRtA.jpg]
[framerusercontent.com/images/eulsqHbRL1eDnAxmBCSqWFDu4Xg.jpg]
[arise.framer.media/blogs/the-power-of-storytelling-and-visual-elements-in-branding.html]
[framerusercontent.com/images/aTyuDwBshwLV1ZuYJmFEOTTEE.png]
[framerusercontent.com/images/f2Uw0H8mZ0zMTiChbGtS3HyW3sU.jpg]
[framerusercontent.com/images/StARfV7jiSoWSBYJrMkLowcG7ow.jpg]
[arise.framer.media/blogs/innovative-web-design-techniques-for-modern-brands.html]
[arise.framer.media/privacy-policy.html]
[arise.framer.media/[object Object].html]
[framerusercontent.com/images/D5HIPPqPwGp3OSx3SbMRaO7jZOM.jpg]
[framerusercontent.com/images/9TDjLVDSUXgU0t29SPh0UwbWKs.jpg]
[framerusercontent.com/images/OBwGSvkczCHiKrz16FYbcA2N5U4.jpg]
[arise.framer.media/works/waitlista-waitlist-landing-page.html]
[framerusercontent.com/images/UFMYHon2YVy6uJBgvSAeVMDekqQ.jpg]
[framerusercontent.com/images/59nkwWNKJiB1kUfmF6liai1zlto.jpg]
[framerusercontent.com/images/vVmIdqNGHE7XCEFaHIoTRyTEOc.jpg]
[arise.framer.media/works/pix-portfolio-landing-page.html]
[framerusercontent.com/images/RQznIiv0bKqeTkZKMWtj6pQMY.png]
[framerusercontent.com/images/4luN9gTVvuS5gIURdtriLjAcsdc.jpg]
[framerusercontent.com/images/RsYD6Rt1DBgUCMnkxIJQZwoCEo.jpg]
[arise.framer.media/blogs/strategies-for-boosting-online-engagement-today.html]
[framerusercontent.com/images/3QywzfOxKfzCT7bp97HugDOj1c.jpg]
[framerusercontent.com/images/udYP16C4S2oryIsuB69q8ReF60.jpg]
[arise.framer.media/blogs/creating-a-brand-identity-that-stands-out.html]
[framerusercontent.com/images/4SriUO79KXi0dIHEwdq5IJBaC24.jpg]
[framerusercontent.com/images/yjOOa6NRV2GKwnNpn23EckYeiQ.jpg]
[arise.framer.media/blogs/top-design-trends-driving-business-success-growth.html]
